::debug::not setting deployment status
::debug::param: cluster_project = "GKEproject"
::debug::param: cluster_location = "GKElocation"
::debug::param: cluster_name = "clusterName"
::debug::param: cluster_sajson = "{"json":"here"}"
::debug::param: track = "stable"
::debug::param: release = "app-pr-123"
::debug::param: appName = "app-pr-123"
::debug::param: namespace = "default"
::debug::param: chart = "/usr/src/charts/app"
::debug::param: chart_version = ""
::debug::param: values = "{"replicaCount": 1, "image": {"repository": "nginx", "tag": "latest"}}"
::debug::param: dryRun = ""
::debug::param: task = ""
::debug::param: version = "1234"
::debug::param: secrets = "{"secret":"val"}"
::debug::param: valueFiles = "[]"
::debug::param: removeCanary = 
::debug::param: timeout = ""
::debug::param: repository = ""
::debug::param: atomic = "true"
::debug::param: ttl = "7 days"
::debug::param: service_account = "helm-ttl-plugin"
Setting up GKE authentication
[command]/tmp/bin/gcloud auth activate-service-account --key-file=sa.json
gcloud auth activate-service-account --key-file=sa.json
[command]/tmp/bin/gcloud container clusters get-credentials clusterName --zone GKElocation --project GKEproject
gcloud container clusters get-credentials clusterName --zone GKElocation --project GKEproject
::debug::env: KUBECONFIG="undefined"
::debug::rendering value files [./values.yml] with: {"secrets":{"secret":"val"}}
[command]/tmp/bin/helm3 upgrade app-pr-123 /usr/src/charts/app --install --namespace=default --set=app.name=app-pr-123 --set=app.version=1234 --values=./values.yml --atomic
helm3 upgrade app-pr-123 /usr/src/charts/app --install --namespace=default --set=app.name=app-pr-123 --set=app.version=1234 --values=./values.yml --atomic
Setting ttl: 7 days
[command]/tmp/bin/helm3 --namespace=default release ttl app-pr-123 --service-account=helm-ttl-plugin --set=7 days
helm3 --namespace=default release ttl app-pr-123 --service-account=helm-ttl-plugin --set=7 days
::debug::not setting deployment status
